\BOOKMARK [0][-]{section*.1}{Contents}{}% 1
\BOOKMARK [0][-]{chapter.1}{Heading\040of\040Test\040Chapter\0401}{}% 2
\BOOKMARK [1][-]{section*.2}{References}{chapter.1}% 3
\BOOKMARK [0][-]{chapter.2}{Heading\040of\040Test\040Chapter\0402}{}% 4
\BOOKMARK [1][-]{section*.3}{References}{chapter.2}% 5
